../Core/Src/main.c:134:6:HAL_TIM_OC_DelayElapsedCallback	16	static
../Core/Src/main.c:167:5:main	8	static
../Core/Src/main.c:247:6:SystemClock_Config	88	static
../Core/Src/main.c:293:13:MX_TIM1_Init	96	static
../Core/Src/main.c:368:13:MX_TIM2_Init	48	static
../Core/Src/main.c:429:13:MX_TIM10_Init	40	static
../Core/Src/main.c:475:13:MX_TIM11_Init	40	static
../Core/Src/main.c:521:13:MX_USART1_UART_Init	8	static
../Core/Src/main.c:554:13:MX_GPIO_Init	40	static
../Core/Src/main.c:589:6:Error_Handler	4	static,ignoring_inline_asm
